================================================================================
超级完整系统截图工具
遍历所有1、2级菜单，点击所有可操作按钮
================================================================================

正在登录系统...
  [0001] ✓ 系统登录 - 登录页面
✓ 登录成功
  [0002] ✓ 主页 - Dashboard

================================================================================
开始全面遍历系统...
================================================================================

✓ 发现 12 个一级菜单


================================================================================
[1/12] 一级菜单: 活动管理
================================================================================
  → 包含 2 个子菜单

  [1/2] 子菜单: 活动列表
  [0003] ✓ 活动管理 - 活动列表
    → 探索页面按钮: 活动列表
      发现按钮: 重要操作 7 个, 其他 7 个
        [1] 点击: 新建活动
  [0004] ✓ 活动管理 - 活动列表 - 新建活动
        [2] 点击: 查看
  [0005] ✓ 活动管理 - 活动列表 - 查看
        [3] 点击: 下架
        [4] 点击: 查看小程序路径
        [5] 点击: 编辑
  [0006] ✓ 活动管理 - 活动列表 - 编辑
        [6] 点击: 删除
  [0007] ✓ 活动管理 - 活动列表 - 删除
        [7] 点击: 上架
    → 探索表格操作按钮
        表格操作[1]: 查看

  [2/2] 子菜单: 活动订单
  [0008] ✓ 活动管理 - 活动订单
    → 探索页面按钮: 活动订单
      发现按钮: 重要操作 1 个, 其他 2 个
        [1] 点击: 订单详情
    → 探索表格操作按钮
        表格操作[1]: 订单详情



================================================================================
[2/12] 一级菜单: 场地管理
================================================================================
  → 包含 3 个子菜单

  [1/3] 子菜单: 场地列表
  [0009] ✓ 场地管理 - 场地列表
    → 探索页面按钮: 场地列表
      发现按钮: 重要操作 7 个, 其他 4 个
        [1] 点击: 新建场地
  [0010] ✓ 场地管理 - 场地列表 - 新建场地
        [2] 点击: 删除场地
        [3] 点击: 设置
        [4] 点击: 查看
        [5] 点击: 管理员预订
        [6] 点击: 编辑
        [7] 点击: 删除
    → 探索表格操作按钮
        表格操作[1]: 订单详情
  [0011] ✓ 场地管理 - 场地列表 - 表格订单详情

  [2/3] 子菜单: 场地预定看板
  [0012] ✓ 场地管理 - 场地预定看板
    → 探索页面按钮: 场地预定看板
      发现按钮: 重要操作 0 个, 其他 2 个
    → 探索表格操作按钮

  [3/3] 子菜单: 场地订单
  [0013] ✓ 场地管理 - 场地订单
    → 探索页面按钮: 场地订单
      发现按钮: 重要操作 1 个, 其他 1 个
        [1] 点击: 订单详情
  [0014] ✓ 场地管理 - 场地订单 - 订单详情
    → 探索表格操作按钮
        表格操作[1]: 订单详情



================================================================================
[3/12] 一级菜单: 套票列表
================================================================================
  [0015] ✓ 套票列表 - 套票列表
    → 探索页面按钮: 套票列表
      发现按钮: 重要操作 0 个, 其他 2 个
    → 探索表格操作按钮


================================================================================
[4/12] 一级菜单: 用户管理
================================================================================
  → 包含 2 个子菜单

  [1/2] 子菜单: 普通用户
  [0016] ✓ 用户管理 - 普通用户
    → 探索页面按钮: 普通用户
      发现按钮: 重要操作 0 个, 其他 3 个
    → 探索表格操作按钮
        表格操作[1]: 活动订单
  [0017] ✓ 用户管理 - 普通用户 - 表格活动订单

  [2/2] 子菜单: 用户订单
  [0018] ✓ 用户管理 - 用户订单
    → 探索页面按钮: 用户订单
      发现按钮: 重要操作 1 个, 其他 2 个
        [1] 点击: 订单详情
    → 探索表格操作按钮
        表格操作[1]: 订单详情



================================================================================
[5/12] 一级菜单: 员工管理
================================================================================
  [0019] ✓ 员工管理 - 员工管理
    → 探索页面按钮: 员工管理
      发现按钮: 重要操作 3 个, 其他 2 个
        [1] 点击: 添加
  [0020] ✓ 员工管理 - 员工管理 - 添加
        [2] 点击: 编辑
  [0021] ✓ 员工管理 - 员工管理 - 编辑
        [3] 点击: 删除
  [0022] ✓ 员工管理 - 员工管理 - 删除
    → 探索表格操作按钮
        表格操作[1]: 订单详情


================================================================================
[6/12] 一级菜单: 财务管理
================================================================================
  → 包含 2 个子菜单

  [1/2] 子菜单: 商户结算审核
  [0023] ✓ 财务管理 - 商户结算审核
    → 探索页面按钮: 商户结算审核
      发现按钮: 重要操作 1 个, 其他 1 个
        [1] 点击: 审核
  [0024] ✓ 财务管理 - 商户结算审核 - 审核
    → 探索表格操作按钮
        表格操作[1]: 审核

  [2/2] 子菜单: 商户结算财务报表
  [0025] ✓ 财务管理 - 商户结算财务报表
    → 探索页面按钮: 商户结算财务报表
      发现按钮: 重要操作 0 个, 其他 1 个
    → 探索表格操作按钮



================================================================================
[7/12] 一级菜单: 数据分析
================================================================================
  → 包含 1 个子菜单

  [1/1] 子菜单: 销售统计
  [0026] ✓ 数据分析 - 销售统计
    → 探索页面按钮: 销售统计
      发现按钮: 重要操作 0 个, 其他 0 个
    → 探索表格操作按钮



================================================================================
[8/12] 一级菜单: Banner管理
================================================================================
  [0027] ✓ Banner管理 - Banner管理
    → 探索页面按钮: Banner管理
      发现按钮: 重要操作 4 个, 其他 1 个
        [1] 点击: 修改
  [0028] ✓ Banner管理 - Banner管理 - 修改
        [2] 点击: 删除
        [3] 点击: 添加banner图及链接
        [4] 点击: 再次发布
    → 探索表格操作按钮


================================================================================
[9/12] 一级菜单: 优惠券列表
================================================================================
  [0029] ✓ 优惠券列表 - 优惠券列表
    → 探索页面按钮: 优惠券列表
      发现按钮: 重要操作 6 个, 其他 4 个
        [1] 点击: 新建优惠券
  [0030] ✓ 优惠券列表 - 优惠券列表 - 新建优惠券
        [2] 点击: 下架
  [0031] ✓ 优惠券列表 - 优惠券列表 - 下架
        [3] 点击: 编辑
        [4] 点击: 删除
        [5] 点击: 发布
        [6] 点击: 上架
    → 探索表格操作按钮


================================================================================
[10/12] 一级菜单: 积分管理
================================================================================
  → 包含 4 个子菜单

  [1/4] 子菜单: 规则设置
  [0032] ✓ 积分管理 - 规则设置
    → 探索页面按钮: 规则设置
      发现按钮: 重要操作 1 个, 其他 2 个
        [1] 点击: 新增
  [0033] ✓ 积分管理 - 规则设置 - 新增
    → 探索表格操作按钮

  [2/4] 子菜单: 积分商城
  [0034] ✓ 积分管理 - 积分商城
    → 探索页面按钮: 积分商城
      发现按钮: 重要操作 6 个, 其他 3 个
        [1] 点击: 新建品类
        [2] 点击: 新建商品
  [0035] ✓ 积分管理 - 积分商城 - 新建商品
        [3] 点击: 修改
  [0036] ✓ 积分管理 - 积分商城 - 修改
        [4] 点击: 删除
        [5] 点击: 下架
        [6] 点击: 上架
    → 探索表格操作按钮

  [3/4] 子菜单: 积分订单
  [0037] ✓ 积分管理 - 积分订单
    → 探索页面按钮: 积分订单
      发现按钮: 重要操作 0 个, 其他 2 个
    → 探索表格操作按钮

  [4/4] 子菜单: 积分用户
  [0038] ✓ 积分管理 - 积分用户
    → 探索页面按钮: 积分用户
      发现按钮: 重要操作 0 个, 其他 5 个
    → 探索表格操作按钮
        表格操作[1]: 调整积分
  [0039] ✓ 积分管理 - 积分用户 - 表格调整积分
        表格操作[2]: 积分明细
  [0040] ✓ 积分管理 - 积分用户 - 表格积分明细
        表格操作[3]: 兑换记录
  [0041] ✓ 积分管理 - 积分用户 - 表格兑换记录



================================================================================
[11/12] 一级菜单: 小游戏列表
================================================================================
  [0042] ✓ 小游戏列表 - 小游戏列表
    → 探索页面按钮: 小游戏列表
      发现按钮: 重要操作 4 个, 其他 3 个
        [1] 点击: 新建小游戏
  [0043] ✓ 小游戏列表 - 小游戏列表 - 新建小游戏
        [2] 点击: 删除小游戏
        [3] 点击: 修改
        [4] 点击: 删除
    → 探索表格操作按钮
        表格操作[1]: 调整积分
        表格操作[2]: 积分明细
        表格操作[3]: 兑换记录


================================================================================
[12/12] 一级菜单: 系统日志
================================================================================
  [0044] ✓ 系统日志 - 系统日志
    → 探索页面按钮: 系统日志
      发现按钮: 重要操作 0 个, 其他 2 个
    → 探索表格操作按钮

================================================================================
✓ 遍历完成！共截图 44 个功能点
================================================================================

正在生成Word文档...
================================================================================
================================================================================
✓ Word文档生成完成
📄 文件: /workspace/系统完整功能截图文档.docx
📊 大小: 5.10 MB

正在打包所有文件...

================================================================================
✅ 所有任务完成！
📁 截图目录: /workspace/screenshots_complete_all
📊 截图总数: 44 张
📄 Word文档: /workspace/系统完整功能截图文档.docx
📦 压缩包: /workspace/系统完整功能截图包.zip
================================================================================

浏览器已关闭
