登录中...
登录成功，URL: https://xstest.axioxio.com/

================================================================================
【主页内容】
================================================================================
主内容区域：
门店-西山滑雪场
门店-test
门店-西山滑雪场
Welcome
Hi.13811458301,欢迎登录海星科技管理后台
2025 © 海星科技

================================================================================
【菜单结构】
================================================================================
找到 118 个菜单链接

  [2] Home
      href: https://xstest.axioxio.com/
  [3] Menu:Ticket
      href: None

================================================================================
【点击测试】点击: Menu:Ticket
================================================================================

点击前URL: https://xstest.axioxio.com/
点击后URL: https://xstest.axioxio.com/

页面标题/面包屑:

页面按钮:

表格:
  找到 1 个表格
  表头: 

✓ 截图已保存: debug_menu_clicked.png
✓ HTML已保存: debug_menu_clicked.html

检查子菜单:
  找到 47 个可能的子菜单区域
  子菜单[1]: 20 个链接
    - Menu:TicketCheckOut
    - Menu:Orders
