================================================================================
票务系统功能模块截图工具
================================================================================

正在登录票务系统...
  → 切换到简体中文...
  ✓ 已切换到简体中文
  [0001] ✓ 系统登录 - 登录页面
✓ 已提交登录
✓ 登录成功！
  [0002] ✓ 系统主页 - 首页Dashboard

================================================================================
开始按功能模块遍历票务系统...
================================================================================

✓ 系统中共找到 19 个菜单项

所有菜单项:
  [1] 首页
  [2] 收银
  [3] 发卡
  [4] 还卡
  [5] 订单
  [6] 票务管理
  [7] 电子券列表
  [8] 初始化
  [9] 纸制票模板
  [10] 人脸库
  [11] 闸机
  [12] 软件版本
  [13] 卡片管理
  [14] 通行记录
  [15] 通行规则
  [16] 产品管理
  [17] 产品分类
  [18] 团队下单
  [19] 13811458301


================================================================================
功能模块: 票务管理
说明: 实现对雪票电子或纸质的全面管理
================================================================================
  → 找到 4 个相关菜单

  [1/4] 菜单: 票务管理
  [0003] ✓ 票务管理 - 票务管理
      发现功能按钮: 1 个
        [1] 点击: 导出Excel

  [2/4] 菜单: 电子券列表
  [0004] ✓ 票务管理 - 电子券列表

  [3/4] 菜单: 初始化
  [0005] ✓ 票务管理 - 初始化
      发现功能按钮: 1 个
        [1] 点击: 新增
  [0006] ✓ 票务管理 - 初始化 - 新增

  [4/4] 菜单: 纸制票模板
  [0007] ✓ 票务管理 - 纸制票模板
      发现功能按钮: 1 个
        [1] 点击: 新增
  [0008] ✓ 票务管理 - 纸制票模板 - 新增

================================================================================
功能模块: 订单管理
说明: 对各类雪票、教务订单、租赁订单进行管理
================================================================================
  → 找到 1 个相关菜单

  [1/1] 菜单: 订单
  [0009] ✓ 订单管理 - 订单

================================================================================
功能模块: 工作台
说明: 实现对现场售票及教练预约的下单管理
================================================================================
  → 找到 4 个相关菜单

  [1/4] 菜单: 收银
  [0010] ✓ 工作台 - 收银

  [2/4] 菜单: 发卡
  [0011] ✓ 工作台 - 发卡

  [3/4] 菜单: 还卡
  [0012] ✓ 工作台 - 还卡

  [4/4] 菜单: 团队下单
  [0013] ✓ 工作台 - 团队下单

================================================================================
功能模块: 通行管理
说明: 通过闸机的管控实现对进出雪场的人员进行管理；通行方式可以是人脸或雪票二维码
================================================================================
  → 找到 5 个相关菜单

  [1/5] 菜单: 人脸库
  [0014] ✓ 通行管理 - 人脸库

  [2/5] 菜单: 闸机
  [0015] ✓ 通行管理 - 闸机
      发现功能按钮: 2 个
        [1] 点击: 新增
  [0016] ✓ 通行管理 - 闸机 - 新增
        [2] 点击: 搜索

  [3/5] 菜单: 卡片管理
  [0017] ✓ 通行管理 - 卡片管理
      发现功能按钮: 2 个
        [1] 点击: 新增
  [0018] ✓ 通行管理 - 卡片管理 - 新增
        [2] 点击: 导出Excel

  [4/5] 菜单: 通行记录
  [0019] ✓ 通行管理 - 通行记录

  [5/5] 菜单: 通行规则
  [0020] ✓ 通行管理 - 通行规则

================================================================================
功能模块: 控制面板
说明: 包括对雪票产品设置，电子/纸质票设置、闸机配置、售票小程序、教练、分销商、节假日、租赁物等运营参数的管理
================================================================================
  → 找到 2 个相关菜单

  [1/2] 菜单: 产品管理
  [0021] ✓ 控制面板 - 产品管理
      发现功能按钮: 2 个
        [1] 点击: 新增产品
  [0022] ✓ 控制面板 - 产品管理 - 新增产品
        [2] 点击: 核销规则配置
  [0023] ✓ 控制面板 - 产品管理 - 核销规则配置

  [2/2] 菜单: 产品分类
  [0024] ✓ 控制面板 - 产品分类
      发现功能按钮: 1 个
        [1] 点击: 新增
  [0025] ✓ 控制面板 - 产品分类 - 新增

================================================================================
功能模块: 报表管理
说明: 提供各类运营报表，包括票务核销报表、教学核销报表、教学数据看板等
================================================================================
  → 未找到匹配的菜单

================================================================================
功能模块: 系统管理
说明: 系统基础功能的设置，包括文件，身份标识，日志及相关系统参数的设置
================================================================================
  → 找到 3 个相关菜单

  [1/3] 菜单: 票务管理
      发现功能按钮: 1 个
        [1] 点击: 导出Excel

  [2/3] 菜单: 卡片管理
      发现功能按钮: 2 个
        [1] 点击: 新增
        [2] 点击: 导出Excel

  [3/3] 菜单: 产品管理
      发现功能按钮: 2 个
        [1] 点击: 新增产品
        [2] 点击: 核销规则配置

================================================================================
✓ 遍历完成！共截图 25 个功能点
================================================================================

正在生成Word文档...
✓ Word文档: /workspace/票务系统功能模块截图对照文档.docx (2.49 MB)

正在打包...

================================================================================
✅ 完成！
📊 截图总数: 25 张
🌐 语言版本: 简体中文
📄 Word文档: /workspace/票务系统功能模块截图对照文档.docx
📦 压缩包: /workspace/票务系统功能模块截图包.zip
================================================================================

浏览器已关闭
