============================================================
根据功能点列表生成截图对照表
============================================================
功能点数量: 34
============================================================

正在登录系统...
✓ 登录成功

开始根据功能列表截图...
============================================================

[1/34] 登录 - 身份验证
  [001] ✓ 登录 - 身份验证

[2/34] 活动管理 - 创建、编辑活动
  [002] ✓ 活动管理 - 创建、编辑活动

[3/34] 活动管理 - 活动列表
  [003] ✓ 活动管理 - 活动列表

[4/34] 活动管理 - 查询、查看、评价、删除活动
  [004] ✓ 活动管理 - 查询、查看、评价、删除活动

[5/34] 场地管理 - 创建、编辑场地
  [005] ✓ 场地管理 - 创建、编辑场地

[6/34] 场地管理 - 场地列表
  [006] ✓ 场地管理 - 场地列表

[7/34] 场地管理 - 查询、查看场地资源
  [007] ✓ 场地管理 - 查询、查看场地资源

[8/34] 订单管理 - 订单查询
  ⚠ 无法导航到 订单管理

[9/34] 订单管理 - 退款订单
  ⚠ 无法导航到 订单管理

[10/34] 订单管理 - 订单详情
  ⚠ 无法导航到 订单管理

[11/34] 用户管理 - 用户订单列表
  [011] ✓ 用户管理 - 用户订单列表

[12/34] 用户管理 - 订单详情
  [012] ✓ 用户管理 - 订单详情

[13/34] 优惠券管理 - 优惠券列表
  [013] ✓ 优惠券管理 - 优惠券列表

[14/34] 优惠券管理 - 优惠券搜索
  [014] ✓ 优惠券管理 - 优惠券搜索

[15/34] 优惠券管理 - 新建、删除优惠券
  [015] ✓ 优惠券管理 - 新建、删除优惠券

[16/34] 优惠券管理 - 优惠券规则
  [016] ✓ 优惠券管理 - 优惠券规则

[17/34] 优惠券管理 - 领取记录查询
  [017] ✓ 优惠券管理 - 领取记录查询

[18/34] 积分管理 - 积分规则设置
  [018] ✓ 积分管理 - 积分规则设置

[19/34] 积分管理 - 订单类积分
  [019] ✓ 积分管理 - 订单类积分

[20/34] 积分管理 - 任务类积分
  [020] ✓ 积分管理 - 任务类积分

[21/34] 积分管理 - 积分商城商品列表
  [021] ✓ 积分管理 - 积分商城商品列表

[22/34] 积分管理 - 商品查询
  [022] ✓ 积分管理 - 商品查询

[23/34] 积分管理 - 新建、删除商品
  [023] ✓ 积分管理 - 新建、删除商品

[24/34] 积分订单 - 积分订单列表
  [024] ✓ 积分订单 - 积分订单列表

[25/34] 积分订单 - 订单查询
  [025] ✓ 积分订单 - 订单查询

[26/34] 积分订单 - 订单详情
  [026] ✓ 积分订单 - 订单详情

[27/34] 小游戏管理 - 小游戏列表
  [027] ✓ 小游戏管理 - 小游戏列表

[28/34] 小游戏管理 - 小游戏查询
  [028] ✓ 小游戏管理 - 小游戏查询

[29/34] 小游戏管理 - 新建、删除、上架小游戏
  [029] ✓ 小游戏管理 - 新建、删除、上架小游戏

[30/34] 员工管理 - 员工列表
  [030] ✓ 员工管理 - 员工列表

[31/34] 员工管理 - 员工详情
  [031] ✓ 员工管理 - 员工详情

[32/34] 财务管理 - 商户结算审核
  [032] ✓ 财务管理 - 商户结算审核

[33/34] 财务管理 - 财务报表
  [033] ✓ 财务管理 - 财务报表

[34/34] 数据分析 - 销售统计
  [034] ✓ 数据分析 - 销售统计

============================================================
✓ 截图完成！共 31 个功能点

正在生成Word文档...
✓ Word文档已生成: /workspace/功能点截图对照表（完整版）.docx
✓ 文件大小: 2.16 MB

============================================================
✅ 所有任务完成！
📁 截图目录: /workspace/screenshots_functions
📄 Word文档: /workspace/功能点截图对照表（完整版）.docx
============================================================
