======================================================================
精确功能点截图工具
======================================================================

正在登录...
✓ 登录成功

开始精确截图...
======================================================================

[1] 登录 - 身份验证
  [001] ✓ 登录 - 身份验证

正在登录...
✗ 登录失败: Message: no such element: Unable to locate element: {"method":"css selector","selector":"[name="username"]"}
  (Session info: chrome=142.0.7444.59); For documentation on this error, please visit: https://www.selenium.dev/documentation/webdriver/troubleshooting/errors#nosuchelementexception
Stacktrace:
#0 0x558f52555aea <unknown>
#1 0x558f51fa1cdb <unknown>
#2 0x558f51ff46c4 <unknown>
#3 0x558f51ff4901 <unknown>
#4 0x558f520438b4 <unknown>
#5 0x558f52040c87 <unknown>
#6 0x558f51fe6aca <unknown>
#7 0x558f51fe77d1 <unknown>
#8 0x558f5251cab9 <unknown>
#9 0x558f5251fa8c <unknown>
#10 0x558f52505d49 <unknown>
#11 0x558f52520685 <unknown>
#12 0x558f524ed6c3 <unknown>
#13 0x558f525427d8 <unknown>
#14 0x558f525429b3 <unknown>
#15 0x558f52554a83 <unknown>
#16 0x7fc7eb857aa4 <unknown>
#17 0x7fc7eb8e4c6c <unknown>


======================================================================
【活动管理】
======================================================================

[2] 活动管理 - 创建、编辑活动
  [002] ✓ 活动管理 - 创建活动

[3] 活动管理 - 活动列表
  [003] ✓ 活动管理 - 活动列表

[4] 活动管理 - 查询、查看、评价、删除活动
  [004] ✓ 活动管理 - 查询查看操作

======================================================================
【场地管理】
======================================================================

[5] 场地管理 - 创建、编辑场地
  [005] ✓ 场地管理 - 创建场地

[6] 场地管理 - 场地列表
  [006] ✓ 场地管理 - 场地列表

[7] 场地管理 - 查询、查看场地资源
  [007] ✓ 场地管理 - 场地预定看板

======================================================================
【订单管理】
======================================================================

[8] 订单管理 - 订单查询
  [008] ✓ 订单管理 - 订单查询

[9] 订单管理 - 退款订单
  [009] ✓ 订单管理 - 退款订单

[10] 订单管理 - 订单详情
  [010] ✓ 订单管理 - 订单详情

======================================================================
【用户管理】
======================================================================

[11] 用户管理 - 用户订单列表
  [011] ✓ 用户管理 - 用户订单列表

[12] 用户管理 - 订单详情
  [012] ✓ 用户管理 - 订单详情

======================================================================
【优惠券管理】
======================================================================

[13] 优惠券管理 - 优惠券列表
  [013] ✓ 优惠券管理 - 优惠券列表

[14] 优惠券管理 - 优惠券搜索
  [014] ✓ 优惠券管理 - 优惠券搜索

[15] 优惠券管理 - 新建、删除优惠券
  [015] ✓ 优惠券管理 - 新建优惠券

[16] 优惠券管理 - 优惠券使用规则
  [016] ✓ 优惠券管理 - 优惠券规则

[17] 优惠券管理 - 领取记录查询
  [017] ✓ 优惠券管理 - 领取记录查询

======================================================================
【积分管理】
======================================================================

[18] 积分管理 - 积分规则设置
  [018] ✓ 积分管理 - 积分规则设置

[19] 积分管理 - 订单类积分
  [019] ✓ 积分管理 - 订单类积分

[20] 积分管理 - 任务类积分
  [020] ✓ 积分管理 - 任务类积分

[21] 积分管理 - 积分商城商品列表
  [021] ✓ 积分管理 - 积分商城商品列表

[22] 积分管理 - 商品查询
  [022] ✓ 积分管理 - 商品查询

[23] 积分管理 - 新建、删除商品
  [023] ✓ 积分管理 - 新建商品

======================================================================
【积分订单】
======================================================================

[24] 积分订单 - 积分订单列表
  [024] ✓ 积分订单 - 积分订单列表

[25] 积分订单 - 按条件查询
  [025] ✓ 积分订单 - 按条件查询

[26] 积分订单 - 订单详情
  [026] ✓ 积分订单 - 订单详情

======================================================================
【小游戏管理】
======================================================================

[27] 小游戏管理 - 小游戏列表
  [027] ✓ 小游戏管理 - 小游戏列表

[28] 小游戏管理 - 小游戏条件查询
  [028] ✓ 小游戏管理 - 条件查询

[29] 小游戏管理 - 新建、删除、上架
  [029] ✓ 小游戏管理 - 新建小游戏

======================================================================
【员工管理】
======================================================================

[30] 员工管理 - 员工列表
  [030] ✓ 员工管理 - 员工列表

[31] 员工管理 - 员工详情
  [031] ✓ 员工管理 - 员工详情

======================================================================
【财务管理】
======================================================================

[32] 财务管理 - 商户结算审核
  [032] ✓ 财务管理 - 商户结算审核

[33] 财务管理 - 财务报表
  [033] ✓ 财务管理 - 财务报表

======================================================================
【数据分析】
======================================================================

[34] 数据分析 - 销售统计
  [034] ✓ 数据分析 - 销售统计

======================================================================
✓ 截图完成！共 34 个功能点

正在生成Word文档...
======================================================================
  ✓ [001] 登录 - 身份验证
  ✓ [002] 活动管理 - 创建活动
  ✓ [003] 活动管理 - 活动列表
  ✓ [004] 活动管理 - 查询查看操作
  ✓ [005] 场地管理 - 创建场地
  ✓ [006] 场地管理 - 场地列表
  ✓ [007] 场地管理 - 场地预定看板
  ✓ [008] 订单管理 - 订单查询
  ✓ [009] 订单管理 - 退款订单
  ✓ [010] 订单管理 - 订单详情
  ✓ [011] 用户管理 - 用户订单列表
  ✓ [012] 用户管理 - 订单详情
  ✓ [013] 优惠券管理 - 优惠券列表
  ✓ [014] 优惠券管理 - 优惠券搜索
  ✓ [015] 优惠券管理 - 新建优惠券
  ✓ [016] 优惠券管理 - 优惠券规则
  ✓ [017] 优惠券管理 - 领取记录查询
  ✓ [018] 积分管理 - 积分规则设置
  ✓ [019] 积分管理 - 订单类积分
  ✓ [020] 积分管理 - 任务类积分
  ✓ [021] 积分管理 - 积分商城商品列表
  ✓ [022] 积分管理 - 商品查询
  ✓ [023] 积分管理 - 新建商品
  ✓ [024] 积分订单 - 积分订单列表
  ✓ [025] 积分订单 - 按条件查询
  ✓ [026] 积分订单 - 订单详情
  ✓ [027] 小游戏管理 - 小游戏列表
  ✓ [028] 小游戏管理 - 条件查询
  ✓ [029] 小游戏管理 - 新建小游戏
  ✓ [030] 员工管理 - 员工列表
  ✓ [031] 员工管理 - 员工详情
  ✓ [032] 财务管理 - 商户结算审核
  ✓ [033] 财务管理 - 财务报表
  ✓ [034] 数据分析 - 销售统计
======================================================================

✓ Word文档生成完成
📄 文件: /workspace/功能点截图对照表_精确版.docx
📊 大小: 1.89 MB

正在打包...

======================================================================
✅ 所有任务完成！
📁 截图目录: /workspace/screenshots_functions
📄 Word文档: /workspace/功能点截图对照表_精确版.docx
📦 压缩包: /workspace/功能点截图完整包_精确版.zip
======================================================================
