============================================================
🚀 终极完整版自动化网站截图工具
============================================================
📍 目标网站: https://jhtest.bjstarfish.com/
👤 用户名: admin
📁 输出目录: screenshots_full
🎯 功能: 遍历所有菜单 + 所有操作按钮 + 所有弹窗
============================================================

正在访问登录页面: https://jhtest.bjstarfish.com/
✓ 已保存登录页截图
✓ 已点击登录按钮
✓ 登录成功！

开始全面遍历系统...
============================================================
  [001] ✓ 主页_Dashboard
    → 探索页面操作: 主页

✓ 发现 12 个菜单项

============================================================
[1/12] 正在处理菜单: 活动管理
============================================================
  → 包含子菜单
  → 发现 2 个子菜单

  [1/2] 子菜单: 活动列表
  [002] ✓ 活动管理 - 活动列表
    → 探索页面操作: 活动管理 - 活动列表
    → 发现 43 个操作按钮
      [1] 点击按钮: 查询
      [2] 点击按钮: 新建活动
      [3] 点击按钮: 查看
      [4] 点击按钮: 查看小程序路径
      [5] 点击按钮: 查看

  [2/2] 子菜单: 活动订单
  [003] ✓ 活动管理 - 活动订单
    → 探索页面操作: 活动管理 - 活动订单
    → 发现 21 个操作按钮
      [1] 点击按钮: 搜索
  [004] ✓ 活动管理 - 活动订单 - 搜索
      [2] 点击按钮: 订单详情
      [3] 点击按钮: 订单详情
      [4] 点击按钮: 订单详情
      [5] 点击按钮: 订单详情


============================================================
[2/12] 正在处理菜单: 场地管理
============================================================
  → 包含子菜单
  → 发现 3 个子菜单

  [1/3] 子菜单: 场地列表
  [005] ✓ 场地管理 - 场地列表
    → 探索页面操作: 场地管理 - 场地列表
    → 发现 152 个操作按钮
      [1] 点击按钮: 搜索
      [2] 点击按钮: 新建场地
      [3] 点击按钮: 设置
      [4] 点击按钮: 查看
      [5] 点击按钮: 管理员预订

  [2/3] 子菜单: 场地预定看板
  [006] ✓ 场地管理 - 场地预定看板
    → 探索页面操作: 场地管理 - 场地预定看板
    → 发现 1 个操作按钮
      [1] 点击按钮: 查询

  [3/3] 子菜单: 场地订单
  [007] ✓ 场地管理 - 场地订单
    → 探索页面操作: 场地管理 - 场地订单
    → 发现 5 个操作按钮
      [1] 点击按钮: 查询
  [008] ✓ 场地管理 - 场地订单 - 查询
      [2] 点击按钮: 订单详情
      [3] 点击按钮: 订单详情
      [4] 点击按钮: 订单详情
      [5] 点击按钮: 订单详情


============================================================
[3/12] 正在处理菜单: 套票列表
============================================================
  [009] ✓ 套票列表
    → 探索页面操作: 套票列表
    → 发现 1 个操作按钮
      [1] 点击按钮: 查询

============================================================
[4/12] 正在处理菜单: 用户管理
============================================================
  → 包含子菜单
  → 发现 2 个子菜单

  [1/2] 子菜单: 普通用户
  [010] ✓ 用户管理 - 普通用户
    → 探索页面操作: 用户管理 - 普通用户
    → 发现 1 个操作按钮
      [1] 点击按钮: 查询

  [2/2] 子菜单: 用户订单
  [011] ✓ 用户管理 - 用户订单
    → 探索页面操作: 用户管理 - 用户订单
    → 发现 21 个操作按钮
      [1] 点击按钮: 搜索
  [012] ✓ 用户管理 - 用户订单 - 搜索
      [2] 点击按钮: 订单详情
      [3] 点击按钮: 订单详情
      [4] 点击按钮: 订单详情
      [5] 点击按钮: 订单详情


============================================================
[5/12] 正在处理菜单: 员工管理
============================================================
  [013] ✓ 员工管理
    → 探索页面操作: 员工管理
    → 发现 8 个操作按钮
      [1] 点击按钮: 查询
      [2] 点击按钮: 添加
      [3] 点击按钮: 编辑
      [4] 点击按钮: 编辑
      [5] 点击按钮: 编辑

============================================================
[6/12] 正在处理菜单: 财务管理
============================================================
  → 包含子菜单
  → 发现 2 个子菜单

  [1/2] 子菜单: 商户结算审核
  [014] ✓ 财务管理 - 商户结算审核
    → 探索页面操作: 财务管理 - 商户结算审核
    → 发现 1 个操作按钮
      [1] 点击按钮: 查询
  [015] ✓ 财务管理 - 商户结算审核 - 查询

  [2/2] 子菜单: 商户结算财务报表
  [016] ✓ 财务管理 - 商户结算财务报表
    → 探索页面操作: 财务管理 - 商户结算财务报表
    → 发现 1 个操作按钮
      [1] 点击按钮: 查询
  [017] ✓ 财务管理 - 商户结算财务报表 - 查询


============================================================
[7/12] 正在处理菜单: 数据分析
============================================================
  → 包含子菜单
  → 发现 1 个子菜单

  [1/1] 子菜单: 销售统计
  [018] ✓ 数据分析 - 销售统计
    → 探索页面操作: 数据分析 - 销售统计


============================================================
[8/12] 正在处理菜单: Banner管理
============================================================
  [019] ✓ Banner管理
    → 探索页面操作: Banner管理
    → 发现 3 个操作按钮
      [1] 点击按钮: 修改
  [020] ✓ Banner管理 - 修改
      [2] 点击按钮: 修改
      [3] 点击按钮: 添加banner图及链接

============================================================
[9/12] 正在处理菜单: 优惠券列表
============================================================
  [021] ✓ 优惠券列表
    → 探索页面操作: 优惠券列表
    → 发现 9 个操作按钮
      [1] 点击按钮: 查询
  [022] ✓ 优惠券列表 - 查询
      [2] 点击按钮: 新建优惠券
      [3] 点击按钮: 编辑
      [4] 点击按钮: 编辑
      [5] 点击按钮: 编辑

============================================================
[10/12] 正在处理菜单: 积分管理
============================================================
  → 包含子菜单
  → 发现 4 个子菜单

  [1/4] 子菜单: 规则设置
  [023] ✓ 积分管理 - 规则设置
    → 探索页面操作: 积分管理 - 规则设置
    → 发现 1 个操作按钮
      [1] 点击按钮: 新增
  [024] ✓ 积分管理 - 规则设置 - 新增

  [2/4] 子菜单: 积分商城
  [025] ✓ 积分管理 - 积分商城
    → 探索页面操作: 积分管理 - 积分商城
    → 发现 13 个操作按钮
      [1] 点击按钮: 查询
  [026] ✓ 积分管理 - 积分商城 - 查询
      [2] 点击按钮: 新建品类
      [3] 点击按钮: 新建商品
      [4] 点击按钮: 修改
      [5] 点击按钮: 修改

  [3/4] 子菜单: 积分订单
  [027] ✓ 积分管理 - 积分订单
    → 探索页面操作: 积分管理 - 积分订单
    → 发现 1 个操作按钮
      [1] 点击按钮: 查询
  [028] ✓ 积分管理 - 积分订单 - 查询

  [4/4] 子菜单: 积分用户
  [029] ✓ 积分管理 - 积分用户
    → 探索页面操作: 积分管理 - 积分用户
    → 发现 1 个操作按钮
      [1] 点击按钮: 查询


============================================================
[11/12] 正在处理菜单: 小游戏列表
============================================================
  [030] ✓ 小游戏列表
    → 探索页面操作: 小游戏列表
    → 发现 9 个操作按钮
      [1] 点击按钮: 查询
      [2] 点击按钮: 新建小游戏
      [3] 点击按钮: 修改
      [4] 点击按钮: 修改
      [5] 点击按钮: 修改

============================================================
[12/12] 正在处理菜单: 系统日志
============================================================
  [031] ✓ 系统日志
    → 探索页面操作: 系统日志
    → 发现 1 个操作按钮
      [1] 点击按钮: 查询
  [032] ✓ 系统日志 - 查询

============================================================
✓ 遍历完成！共截图 32 个页面
============================================================

✓ 已保存 JSON 报告: screenshots_full/report.json
✓ 已保存 HTML 报告: screenshots_full/report.html

============================================================
✅ 所有任务完成！
📁 截图保存位置: /workspace/screenshots_full
📊 总截图数: 32
📄 查看报告: screenshots_full/report.html
============================================================

浏览器已关闭
