================================================================================
票务系统功能截图工具（按功能结构）
================================================================================

正在登录票务系统...
  → 切换到简体中文...
  ✓ 已切换到简体中文
  [0001] ✓ 系统登录 - 登录页面
✓ 已提交登录
✓ 登录成功！
  [0002] ✓ 系统主页 - 首页Dashboard

================================================================================
开始按功能结构遍历票务系统...
================================================================================

✓ 发现 26 个菜单项

功能模块分类:

【其他功能】
  ├─ 首页
  └─ 初始化
  └─ 软件版本
  ├─ 13811458301

【票务管理】- 实现对雪票电子或纸质的全面管理
  ├─ 票务
  └─ 票务管理
  └─ 电子/纸制票
  └─ 电子券列表
  └─ 纸制票模板

【工作台】- 实现对现场售票及教练预约的下单管理
  └─ 工作台
  └─ 收银
  └─ 发卡
  └─ 还卡
  ├─ 预约
  └─ 工作台
  └─ 团队下单

【订单管理】- 对各类雪票、教务订单、租赁订单进行管理
  └─ 订单

【通行管理】- 通过闸机的管控实现对进出雪场的人员进行管理；通行方式可以是人脸或雪票二维码
  └─ 闸机
  └─ 人脸库
  └─ 闸机
  └─ 卡片管理
  └─ 通行记录
  └─ 通行规则

【控制面板】- 包括对雪票产品设置，电子/纸质票设置、闸机配置、售票小程序、教练、分销商、节假日、租赁物等运营参数的管理
  └─ 产品
  └─ 产品管理
  └─ 产品分类

================================================================================
功能模块: 票务管理
描述: 实现对雪票电子或纸质的全面管理
================================================================================

  [1/5] 票务
  [0003] ✓ 票务管理 - 票务

  [2/5] 票务管理
  [0004] ✓ 票务管理 - 票务管理
      发现功能按钮: 1 个
        [1] 点击: 导出Excel

  [3/5] 电子/纸制票

  [4/5] 电子券列表
  [0005] ✓ 票务管理 - 电子券列表

  [5/5] 纸制票模板
  [0006] ✓ 票务管理 - 纸制票模板
      发现功能按钮: 1 个
        [1] 点击: 新增
  [0007] ✓ 票务管理 - 纸制票模板 - 新增

================================================================================
功能模块: 订单管理
描述: 对各类雪票、教务订单、租赁订单进行管理
================================================================================

  [1/1] 订单
  [0008] ✓ 订单管理 - 订单

================================================================================
功能模块: 工作台
描述: 实现对现场售票及教练预约的下单管理
================================================================================

  [1/7] 工作台

  [2/7] 收银
  [0009] ✓ 工作台 - 收银

  [3/7] 发卡
  [0010] ✓ 工作台 - 发卡

  [4/7] 还卡
  [0011] ✓ 工作台 - 还卡

  [5/7] 预约
  [0012] ✓ 工作台 - 预约

  [6/7] 工作台

  [7/7] 团队下单
  [0013] ✓ 工作台 - 团队下单

================================================================================
功能模块: 通行管理
描述: 通过闸机的管控实现对进出雪场的人员进行管理；通行方式可以是人脸或雪票二维码
================================================================================

  [1/6] 闸机
  [0014] ✓ 通行管理 - 闸机

  [2/6] 人脸库
  [0015] ✓ 通行管理 - 人脸库

  [3/6] 闸机

  [4/6] 卡片管理
  [0016] ✓ 通行管理 - 卡片管理
      发现功能按钮: 2 个
        [1] 点击: 新增
  [0017] ✓ 通行管理 - 卡片管理 - 新增
        [2] 点击: 导出Excel

  [5/6] 通行记录
  [0018] ✓ 通行管理 - 通行记录

  [6/6] 通行规则
  [0019] ✓ 通行管理 - 通行规则

================================================================================
功能模块: 控制面板
描述: 包括对雪票产品设置，电子/纸质票设置、闸机配置、售票小程序、教练、分销商、节假日、租赁物等运营参数的管理
================================================================================

  [1/3] 产品
  [0020] ✓ 控制面板 - 产品

  [2/3] 产品管理
  [0021] ✓ 控制面板 - 产品管理
      发现功能按钮: 2 个
        [1] 点击: 新增产品
  [0022] ✓ 控制面板 - 产品管理 - 新增产品
        [2] 点击: 核销规则配置
  [0023] ✓ 控制面板 - 产品管理 - 核销规则配置

  [3/3] 产品分类
  [0024] ✓ 控制面板 - 产品分类
      发现功能按钮: 1 个
        [1] 点击: 新增
  [0025] ✓ 控制面板 - 产品分类 - 新增

================================================================================
✓ 遍历完成！共截图 25 个功能点
================================================================================

正在生成Word文档...
✓ Word文档: /workspace/票务系统功能截图对照文档.docx (2.22 MB)

正在打包...

================================================================================
✅ 完成！
📊 截图总数: 25 张
🌐 语言版本: 简体中文
📄 Word文档: /workspace/票务系统功能截图对照文档.docx
📦 压缩包: /workspace/票务系统功能截图包.zip
================================================================================

浏览器已关闭
