================================================================================
票务系统完整截图工具（自动识别菜单）
================================================================================

正在登录票务系统...
  → 切换到简体中文...
  ✓ 已切换到简体中文
  [0001] ✓ 系统登录 - 登录页面
✓ 已提交登录
✓ 登录成功！
  [0002] ✓ 系统主页 - 首页Dashboard

================================================================================
开始全面遍历票务系统（自动识别菜单）...
================================================================================

✓ 发现 0 个一级菜单


================================================================================
✓ 遍历完成！共截图 2 个功能点
================================================================================

正在生成Word文档...
✓ Word文档: /workspace/票务系统完整功能截图文档（最终版）.docx (0.19 MB)

正在打包...

================================================================================
✅ 完成！
📊 截图总数: 2 张
🌐 语言版本: 简体中文
📄 Word文档: /workspace/票务系统完整功能截图文档（最终版）.docx
📦 压缩包: /workspace/票务系统完整功能截图包（最终版）.zip
================================================================================

浏览器已关闭
