================================================================================
票务系统完整截图工具（包含子菜单）
================================================================================

正在登录票务系统...
  → 切换到简体中文...
  ✓ 已切换到简体中文
  [0001] ✓ 系统登录 - 登录页面（简体中文）
  ✓ 已提交登录
  ✓ 登录成功！
  [0002] ✓ 系统主页 - 主页Dashboard

================================================================================
开始全面遍历票务系统（包含子菜单）...
================================================================================

✓ 发现 10 个一级菜单


================================================================================
[1/10] 一级菜单: 首页
================================================================================
      调试: 找到 175 个子菜单链接
  → 发现 21 个子菜单

  [1.1] 子菜单: 工作台
      调试: 找到 175 个子菜单链接
  [0003] ✓ 首页 - 工作台
    → 探索页面功能...
      发现重要按钮: 0 个

  [1.2] 子菜单: 收银
      调试: 找到 175 个子菜单链接
  [0004] ✓ 首页 - 收银
    → 探索页面功能...
      发现重要按钮: 0 个

  [1.3] 子菜单: 发卡
      调试: 找到 175 个子菜单链接
  [0005] ✓ 首页 - 发卡
    → 探索页面功能...
      发现重要按钮: 0 个

  [1.4] 子菜单: 还卡
      调试: 找到 175 个子菜单链接
  [0006] ✓ 首页 - 还卡
    → 探索页面功能...
      发现重要按钮: 0 个

  [1.5] 子菜单: 订单
      调试: 找到 175 个子菜单链接
  [0007] ✓ 首页 - 订单
    → 探索页面功能...
      发现重要按钮: 0 个

  [1.6] 子菜单: 票务管理
      调试: 找到 175 个子菜单链接
  [0008] ✓ 首页 - 票务管理
    → 探索页面功能...
      发现重要按钮: 1 个
        [1] 点击: 导出Excel

  [1.7] 子菜单: 电子/纸制票
      调试: 找到 175 个子菜单链接
    → 探索页面功能...
      发现重要按钮: 0 个

  [1.8] 子菜单: 电子券列表
      调试: 找到 175 个子菜单链接
  [0009] ✓ 首页 - 电子券列表
    → 探索页面功能...
      发现重要按钮: 0 个

  [1.9] 子菜单: 初始化
      调试: 找到 175 个子菜单链接
  [0010] ✓ 首页 - 初始化
    → 探索页面功能...
      发现重要按钮: 1 个
        [1] 点击: 新增
  [0011] ✓ 首页 - 初始化 - 新增

  [1.10] 子菜单: 纸制票模板
      调试: 找到 175 个子菜单链接
  [0012] ✓ 首页 - 纸制票模板
    → 探索页面功能...
      发现重要按钮: 1 个
        [1] 点击: 新增
  [0013] ✓ 首页 - 纸制票模板 - 新增

  [1.11] 子菜单: 闸机
      调试: 找到 175 个子菜单链接
  [0014] ✓ 首页 - 闸机
    → 探索页面功能...
      发现重要按钮: 0 个

  [1.12] 子菜单: 人脸库
      调试: 找到 175 个子菜单链接
  [0015] ✓ 首页 - 人脸库
    → 探索页面功能...
      发现重要按钮: 0 个

  [1.13] 子菜单: 闸机
      调试: 找到 175 个子菜单链接
    → 探索页面功能...
      发现重要按钮: 0 个

  [1.14] 子菜单: 软件版本
      调试: 找到 175 个子菜单链接
  [0016] ✓ 首页 - 软件版本
    → 探索页面功能...
      发现重要按钮: 1 个
        [1] 点击: 新增
  [0017] ✓ 首页 - 软件版本 - 新增

  [1.15] 子菜单: 卡片管理
      调试: 找到 175 个子菜单链接
  [0018] ✓ 首页 - 卡片管理
    → 探索页面功能...
      发现重要按钮: 2 个
        [1] 点击: 新增
  [0019] ✓ 首页 - 卡片管理 - 新增
        [2] 点击: 导出Excel

  [1.16] 子菜单: 通行记录
      调试: 找到 175 个子菜单链接
  [0020] ✓ 首页 - 通行记录
    → 探索页面功能...
      发现重要按钮: 0 个

  [1.17] 子菜单: 通行规则
      调试: 找到 175 个子菜单链接
  [0021] ✓ 首页 - 通行规则
    → 探索页面功能...
      发现重要按钮: 0 个

  [1.18] 子菜单: 产品
      调试: 找到 175 个子菜单链接
  [0022] ✓ 首页 - 产品
    → 探索页面功能...
      发现重要按钮: 0 个

  [1.19] 子菜单: 产品管理
      调试: 找到 175 个子菜单链接
  [0023] ✓ 首页 - 产品管理
    → 探索页面功能...
      发现重要按钮: 1 个
        [1] 点击: 新增产品
  [0024] ✓ 首页 - 产品管理 - 新增产品

  [1.20] 子菜单: 产品分类
      调试: 找到 175 个子菜单链接
  [0025] ✓ 首页 - 产品分类
    → 探索页面功能...
      发现重要按钮: 1 个
        [1] 点击: 新增
  [0026] ✓ 首页 - 产品分类 - 新增

  [1.21] 子菜单: 团队下单
      调试: 找到 175 个子菜单链接
  [0027] ✓ 首页 - 团队下单
    → 探索页面功能...
      发现重要按钮: 0 个


================================================================================
[2/10] 一级菜单: 票务
================================================================================
      调试: 找到 175 个子菜单链接
  → 发现 21 个子菜单

  [2.1] 子菜单: 工作台
      调试: 找到 175 个子菜单链接
    → 探索页面功能...
      发现重要按钮: 0 个

  [2.2] 子菜单: 收银
      调试: 找到 175 个子菜单链接
    → 探索页面功能...
      发现重要按钮: 0 个

  [2.3] 子菜单: 发卡
      调试: 找到 175 个子菜单链接
    → 探索页面功能...
      发现重要按钮: 0 个

  [2.4] 子菜单: 还卡
      调试: 找到 175 个子菜单链接
    → 探索页面功能...
      发现重要按钮: 0 个

  [2.5] 子菜单: 订单
      调试: 找到 175 个子菜单链接
    → 探索页面功能...
      发现重要按钮: 0 个

  [2.6] 子菜单: 票务管理
      调试: 找到 175 个子菜单链接
    → 探索页面功能...
      发现重要按钮: 1 个
        [1] 点击: 导出Excel

  [2.7] 子菜单: 电子/纸制票
      调试: 找到 175 个子菜单链接
    → 探索页面功能...
      发现重要按钮: 0 个

  [2.8] 子菜单: 电子券列表
      调试: 找到 175 个子菜单链接
    → 探索页面功能...
      发现重要按钮: 0 个

  [2.9] 子菜单: 初始化
      调试: 找到 175 个子菜单链接
    → 探索页面功能...
      发现重要按钮: 1 个
        [1] 点击: 新增

  [2.10] 子菜单: 纸制票模板
      调试: 找到 175 个子菜单链接
    → 探索页面功能...
      发现重要按钮: 1 个
        [1] 点击: 新增

  [2.11] 子菜单: 闸机
      调试: 找到 175 个子菜单链接
    → 探索页面功能...
      发现重要按钮: 0 个

  [2.12] 子菜单: 人脸库
      调试: 找到 175 个子菜单链接
    → 探索页面功能...
      发现重要按钮: 0 个

  [2.13] 子菜单: 闸机
      调试: 找到 175 个子菜单链接
    → 探索页面功能...
      发现重要按钮: 0 个

  [2.14] 子菜单: 软件版本
      调试: 找到 175 个子菜单链接
    → 探索页面功能...
      发现重要按钮: 1 个
        [1] 点击: 新增

  [2.15] 子菜单: 卡片管理
      调试: 找到 175 个子菜单链接
    → 探索页面功能...
      发现重要按钮: 2 个
        [1] 点击: 新增
        [2] 点击: 导出Excel

  [2.16] 子菜单: 通行记录
      调试: 找到 175 个子菜单链接
    → 探索页面功能...
      发现重要按钮: 0 个

  [2.17] 子菜单: 通行规则
      调试: 找到 175 个子菜单链接
    → 探索页面功能...
      发现重要按钮: 0 个

  [2.18] 子菜单: 产品
      调试: 找到 175 个子菜单链接
    → 探索页面功能...
      发现重要按钮: 0 个

  [2.19] 子菜单: 产品管理
      调试: 找到 175 个子菜单链接
    → 探索页面功能...
      发现重要按钮: 1 个
        [1] 点击: 新增产品

  [2.20] 子菜单: 产品分类
      调试: 找到 175 个子菜单链接
    → 探索页面功能...
