================================================================================
票务系统完整截图工具
================================================================================
目标系统: https://xstest.axioxio.com/
用户名: 13811458301
================================================================================

正在访问票务系统: https://xstest.axioxio.com/
  [0001] ✓ 系统登录 - 登录页面
✓ 找到用户名输入框: //input[@type='text']
✓ 找到密码输入框: //input[@type='password']
✓ 已输入用户名和密码
✓ 找到登录按钮
✓ 已提交登录
  等待登录... (1/15)
  等待登录... (2/15)
  等待登录... (3/15)
  等待登录... (4/15)
  等待登录... (5/15)
  等待登录... (6/15)
  等待登录... (7/15)
  等待登录... (8/15)
  等待登录... (9/15)
  等待登录... (10/15)
  等待登录... (11/15)
  等待登录... (12/15)
  等待登录... (13/15)
  等待登录... (14/15)
  等待登录... (15/15)
  [0002] ✓ 系统主页 - 主页Dashboard

================================================================================
开始全面遍历票务系统...
================================================================================

✓ 发现 11 个菜单项


================================================================================
[1/11] 菜单: Home
================================================================================
    → 探索页面功能: Home
      发现重要操作按钮: 0 个


================================================================================
[2/11] 菜单: Menu:Ticket
================================================================================
  [0003] ✓ Menu:Ticket - Menu:Ticket
    → 探索页面功能: Menu:Ticket
      发现重要操作按钮: 0 个


================================================================================
[3/11] 菜单: Menu:Booking
================================================================================
  [0004] ✓ Menu:Booking - Menu:Booking
    → 探索页面功能: Menu:Booking
      发现重要操作按钮: 0 个


================================================================================
[4/11] 菜单: Menu:LeasesMian
================================================================================
  [0005] ✓ Menu:LeasesMian - Menu:LeasesMian
    → 探索页面功能: Menu:LeasesMian
      发现重要操作按钮: 0 个


================================================================================
[5/11] 菜单: Distributors
================================================================================
  [0006] ✓ Distributors - Distributors
    → 探索页面功能: Distributors
      发现重要操作按钮: 0 个


================================================================================
[6/11] 菜单: Menu:MiniprogramSetting
================================================================================
  [0007] ✓ Menu:MiniprogramSetting - Menu:MiniprogramSetting
    → 探索页面功能: Menu:MiniprogramSetting
      发现重要操作按钮: 0 个


================================================================================
[7/11] 菜单: Menu:ReceiversInit
================================================================================
  ⚠ 无法找到菜单项

================================================================================
[8/11] 菜单: Menu:Reports
================================================================================
  ⚠ 无法找到菜单项

================================================================================
[9/11] 菜单: Administration
================================================================================
  ⚠ 无法找到菜单项

================================================================================
[10/11] 菜单: 13811458301
================================================================================
  [0008] ✓ 13811458301 - 13811458301
    → 探索页面功能: 13811458301
      发现重要操作按钮: 0 个


================================================================================
[11/11] 菜单: EN
================================================================================
    → 探索页面功能: EN
      发现重要操作按钮: 0 个

================================================================================
✓ 遍历完成！共截图 8 个功能点
================================================================================

正在生成Word文档...
================================================================================
================================================================================
✓ Word文档生成完成
📄 文件: /workspace/票务系统完整功能截图文档.docx
📊 大小: 0.60 MB

正在打包所有文件...

================================================================================
✅ 所有任务完成！
📁 截图目录: /workspace/screenshots_ticket_system
📊 截图总数: 8 张
📄 Word文档: /workspace/票务系统完整功能截图文档.docx
📦 压缩包: /workspace/票务系统完整功能截图包.zip
================================================================================

浏览器已关闭
