================================================================================
票务系统功能截图工具（按功能模块）
================================================================================

正在登录票务系统...
  → 切换到简体中文...
  ✓ 已切换到简体中文
  [0001] ✓ 系统登录 - 登录页面
✓ 已提交登录
✓ 登录成功！
  [0002] ✓ 系统主页 - 首页Dashboard

================================================================================
开始按功能模块截图...
================================================================================

================================================================================
功能模块: 票务管理
描述: 实现对雪票电子或纸质的全面管理
================================================================================

  → 查找菜单: 票务管理
  ✓ 找到菜单: 票务管理
  [0003] ✓ 票务管理 - 票务管理
      发现功能按钮: 1 个
        [1] 点击: 导出Excel

  → 查找菜单: 电子券
  ✓ 找到菜单: 电子券
  [0004] ✓ 票务管理 - 电子券

  → 查找菜单: 纸制票
  ✓ 找到菜单: 纸制票
  [0005] ✓ 票务管理 - 纸制票

  → 查找菜单: 初始化
  ✓ 找到菜单: 初始化
  [0006] ✓ 票务管理 - 初始化
      发现功能按钮: 1 个
        [1] 点击: 新增
  [0007] ✓ 票务管理 - 初始化 - 新增

  → 查找菜单: 电子/纸制票
  ✓ 找到菜单: 电子/纸制票

================================================================================
功能模块: 订单管理
描述: 对各类雪票、教务订单、租赁订单进行管理
================================================================================

  → 查找菜单: 订单
  ✓ 找到菜单: 订单
  [0008] ✓ 订单管理 - 订单

  → 查找菜单: 雪票订单
  ✗ 未找到菜单: 雪票订单

  → 查找菜单: 教务订单
  ✗ 未找到菜单: 教务订单

================================================================================
功能模块: 工作台
描述: 实现对现场售票及教练预约的下单管理
================================================================================

  → 查找菜单: 工作台
  ✓ 找到菜单: 工作台

  → 查找菜单: 收银
  ✓ 找到菜单: 收银
  [0009] ✓ 工作台 - 收银

  → 查找菜单: 发卡
  ✓ 找到菜单: 发卡
  [0010] ✓ 工作台 - 发卡

  → 查找菜单: 还卡
  ✓ 找到菜单: 还卡
  [0011] ✓ 工作台 - 还卡

  → 查找菜单: 团队下单
  ✓ 找到菜单: 团队下单
  [0012] ✓ 工作台 - 团队下单

================================================================================
功能模块: 通行管理
描述: 通过闸机的管控实现对进出雪场的人员进行管理
================================================================================

  → 查找菜单: 闸机
  ✓ 找到菜单: 闸机
  [0013] ✓ 通行管理 - 闸机

  → 查找菜单: 人脸库
  ✓ 找到菜单: 人脸库
  [0014] ✓ 通行管理 - 人脸库

  → 查找菜单: 通行记录
  ✓ 找到菜单: 通行记录
  [0015] ✓ 通行管理 - 通行记录

  → 查找菜单: 通行规则
  ✓ 找到菜单: 通行规则
  [0016] ✓ 通行管理 - 通行规则

  → 查找菜单: 卡片管理
  ✓ 找到菜单: 卡片管理
  [0017] ✓ 通行管理 - 卡片管理
      发现功能按钮: 2 个
        [1] 点击: 新增
  [0018] ✓ 通行管理 - 卡片管理 - 新增
        [2] 点击: 导出Excel

  → 查找菜单: 软件版本
  ✓ 找到菜单: 软件版本
  [0019] ✓ 通行管理 - 软件版本
      发现功能按钮: 1 个
        [1] 点击: 新增
  [0020] ✓ 通行管理 - 软件版本 - 新增

================================================================================
功能模块: 控制面板
描述: 包括对雪票产品设置、电子/纸质票设置、闸机配置等运营参数的管理
================================================================================

  → 查找菜单: 产品管理
  ✓ 找到菜单: 产品管理
  [0021] ✓ 控制面板 - 产品管理
      发现功能按钮: 2 个
        [1] 点击: 新增产品
  [0022] ✓ 控制面板 - 产品管理 - 新增产品
        [2] 点击: 核销规则配置
  [0023] ✓ 控制面板 - 产品管理 - 核销规则配置

  → 查找菜单: 产品分类
  ✓ 找到菜单: 产品分类
  [0024] ✓ 控制面板 - 产品分类
      发现功能按钮: 1 个
        [1] 点击: 新增
  [0025] ✓ 控制面板 - 产品分类 - 新增

  → 查找菜单: 小程序
  ✓ 找到菜单: 小程序
  [0026] ✓ 控制面板 - 小程序

  → 查找菜单: 分销商
  ✓ 找到菜单: 分销商
  [0027] ✓ 控制面板 - 分销商

  → 查找菜单: 租赁
  ✓ 找到菜单: 租赁
  [0028] ✓ 控制面板 - 租赁

================================================================================
功能模块: 报表管理
描述: 提供各类运营报表
================================================================================

  → 查找菜单: 报表
  ✓ 找到菜单: 报表
  [0029] ✓ 报表管理 - 报表

  → 查找菜单: 核销报表
  ✓ 找到菜单: 核销报表
  [0030] ✓ 报表管理 - 核销报表
      发现功能按钮: 1 个
        [1] 点击: 搜索

  → 查找菜单: 数据看板
  ✓ 找到菜单: 数据看板
  [0031] ✓ 报表管理 - 数据看板

================================================================================
功能模块: 系统管理
描述: 系统基础功能的设置
================================================================================

  → 查找菜单: 管理
  ✓ 找到菜单: 管理
      发现功能按钮: 1 个
        [1] 点击: 导出Excel

  → 查找菜单: 系统设置
  ✗ 未找到菜单: 系统设置

  → 查找菜单: 日志
  ✓ 找到菜单: 日志
  [0032] ✓ 系统管理 - 日志
      发现功能按钮: 1 个
        [1] 点击: 搜索

  → 查找菜单: 文件
  ✓ 找到菜单: 文件
  [0033] ✓ 系统管理 - 文件

================================================================================
✓ 截图完成！共截图 33 个功能点
================================================================================

正在生成Word文档...
✓ Word文档: /workspace/票务系统功能截图对照文档.docx (3.38 MB)

正在打包...

================================================================================
✅ 完成！
📊 截图总数: 33 张
🌐 语言版本: 简体中文
📄 Word文档: /workspace/票务系统功能截图对照文档.docx
📦 压缩包: /workspace/票务系统功能截图包.zip (6.86 MB)
================================================================================

下载方式：
  请下载文件：/workspace/票务系统功能截图包.zip

浏览器已关闭
