================================================================================
票务系统完整截图工具（包含子菜单）
================================================================================

正在登录票务系统...
  [0001] ✓ 系统登录 - 登录页面
✓ 已提交登录
✓ 登录成功！
  [0002] ✓ 系统主页 - Dashboard

================================================================================
开始全面遍历票务系统（包含子菜单）...
================================================================================

✓ 发现 10 个一级菜单


================================================================================
[1/10] 一级菜单: Home
================================================================================
  → 无子菜单，直接截图
    → 探索页面功能...
      发现重要按钮: 0 个


================================================================================
[2/10] 一级菜单: Menu:Ticket
================================================================================
  → 无子菜单，直接截图
  [0003] ✓ Menu:Ticket - Menu:Ticket页面
    → 探索页面功能...
      发现重要按钮: 0 个


================================================================================
[3/10] 一级菜单: Menu:Booking
================================================================================
  → 无子菜单，直接截图
  [0004] ✓ Menu:Booking - Menu:Booking页面
    → 探索页面功能...
      发现重要按钮: 0 个


================================================================================
[4/10] 一级菜单: Menu:LeasesMian
================================================================================
  → 无子菜单，直接截图
  [0005] ✓ Menu:LeasesMian - Menu:LeasesMian页面
    → 探索页面功能...
      发现重要按钮: 0 个


================================================================================
[5/10] 一级菜单: Distributors
================================================================================
  → 无子菜单，直接截图
  [0006] ✓ Distributors - Distributors页面
    → 探索页面功能...
      发现重要按钮: 0 个


================================================================================
[6/10] 一级菜单: Menu:MiniprogramSetting
================================================================================
  → 无子菜单，直接截图
  [0007] ✓ Menu:MiniprogramSetting - Menu:MiniprogramSetting页面
    → 探索页面功能...
      发现重要按钮: 0 个


================================================================================
[7/10] 一级菜单: Menu:ReceiversInit
================================================================================
  → 无子菜单，直接截图
  [0008] ✓ Menu:ReceiversInit - Menu:ReceiversInit页面
    → 探索页面功能...
      发现重要按钮: 0 个


================================================================================
[8/10] 一级菜单: Menu:Reports
================================================================================
  → 无子菜单，直接截图
  [0009] ✓ Menu:Reports - Menu:Reports页面
    → 探索页面功能...
      发现重要按钮: 0 个


================================================================================
[9/10] 一级菜单: Administration
================================================================================
  → 无子菜单，直接截图
  [0010] ✓ Administration - Administration页面
    → 探索页面功能...
      发现重要按钮: 0 个


================================================================================
[10/10] 一级菜单: 13811458301
================================================================================
  → 无子菜单，直接截图
  [0011] ✓ 13811458301 - 13811458301页面
    → 探索页面功能...
      发现重要按钮: 0 个

================================================================================
✓ 遍历完成！共截图 11 个功能点
================================================================================

正在生成Word文档...
✓ Word文档: /workspace/票务系统完整功能截图文档.docx (0.67 MB)

正在打包...

================================================================================
✅ 完成！
📊 截图总数: 11 张
📄 Word文档: /workspace/票务系统完整功能截图文档.docx
📦 压缩包: /workspace/票务系统完整功能截图包.zip
================================================================================

浏览器已关闭
