================================================================================
票务系统增强版截图工具
================================================================================

正在登录票务系统...
  [0001] ✓ 系统登录 - 登录页面
✓ 登录成功，当前URL: https://xstest.axioxio.com/Account/Login?ReturnUrl=%2F

================================================================================
开始深度遍历票务系统...
================================================================================

正在查找所有可点击元素...
✓ 发现 7 个可点击元素

识别出菜单项: 5 个
识别出按钮: 2 个


================================================================================
[1/5] 点击菜单: 亿思维
================================================================================
  → 查找页面操作按钮...
  → 发现操作按钮: 0 个


================================================================================
[2/5] 点击菜单: English / EN
================================================================================


================================================================================
[3/5] 点击菜单: 简体中文 / ZH
================================================================================


================================================================================
[4/5] 点击菜单: 繁體中文 / ZH
================================================================================


================================================================================
[5/5] 点击菜单: Forgot password?
================================================================================
  [0002] ✓ Forgot password? - Forgot password?页面
  → 查找页面操作按钮...
  → 发现操作按钮: 0 个

================================================================================
✓ 遍历完成！共截图 2 个功能点
================================================================================

正在生成Word文档...
✓ Word文档: /workspace/票务系统完整截图文档（增强版）.docx (0.28 MB)

正在打包...

================================================================================
✅ 完成！
📊 截图: 2 张
📄 Word: /workspace/票务系统完整截图文档（增强版）.docx
📦 压缩包: /workspace/票务系统完整截图包（增强版）.zip
================================================================================
