================================================================================
票务系统完整截图工具
================================================================================

正在登录票务系统...
  [0001] ✓ 系统登录 - 登录页面
✓ 已提交登录
✓ 登录成功！URL: https://xstest.axioxio.com/
  [0002] ✓ 系统主页 - Dashboard

================================================================================
开始全面遍历票务系统...
================================================================================

✓ 发现 10 个菜单项


================================================================================
[1/10] 菜单: Home
================================================================================
  [0003] ✓ Home - Home页面
    → 探索页面功能...
      发现重要按钮: 0 个


================================================================================
[2/10] 菜单: Menu:Ticket
================================================================================
  [0004] ✓ Menu:Ticket - Menu:Ticket页面
    → 探索页面功能...
      发现重要按钮: 0 个


================================================================================
[3/10] 菜单: Menu:Booking
================================================================================
  [0005] ✓ Menu:Booking - Menu:Booking页面
    → 探索页面功能...
      发现重要按钮: 0 个


================================================================================
[4/10] 菜单: Menu:LeasesMian
================================================================================
  [0006] ✓ Menu:LeasesMian - Menu:LeasesMian页面
    → 探索页面功能...
      发现重要按钮: 0 个


================================================================================
[5/10] 菜单: Distributors
================================================================================
  [0007] ✓ Distributors - Distributors页面
    → 探索页面功能...
      发现重要按钮: 0 个


================================================================================
[6/10] 菜单: Menu:MiniprogramSetting
================================================================================
  [0008] ✓ Menu:MiniprogramSetting - Menu:MiniprogramSetting页面
    → 探索页面功能...
      发现重要按钮: 0 个


================================================================================
[7/10] 菜单: Menu:ReceiversInit
================================================================================
  [0009] ✓ Menu:ReceiversInit - Menu:ReceiversInit页面
    → 探索页面功能...
      发现重要按钮: 0 个


================================================================================
[8/10] 菜单: Menu:Reports
================================================================================
  [0010] ✓ Menu:Reports - Menu:Reports页面
    → 探索页面功能...
      发现重要按钮: 0 个


================================================================================
[9/10] 菜单: Administration
================================================================================
  [0011] ✓ Administration - Administration页面
    → 探索页面功能...
      发现重要按钮: 0 个


================================================================================
[10/10] 菜单: 13811458301
================================================================================
  [0012] ✓ 13811458301 - 13811458301页面
    → 探索页面功能...
      发现重要按钮: 0 个

================================================================================
✓ 遍历完成！共截图 12 个功能点
================================================================================

正在生成Word文档...
✓ Word文档: /workspace/票务系统完整功能截图文档（最终版）.docx (0.67 MB)

正在打包...

================================================================================
✅ 完成！
📊 截图总数: 12 张
📄 Word文档: /workspace/票务系统完整功能截图文档（最终版）.docx
📦 压缩包: /workspace/票务系统完整功能截图包（最终版）.zip
================================================================================

浏览器已关闭
