================================================================================
票务系统完整截图工具（包含子菜单）
================================================================================

正在登录票务系统...
  [0001] ✓ 系统登录 - 登录页面
✓ 已提交登录
✓ 登录成功！
  [0002] ✓ 系统主页 - Dashboard

================================================================================
开始全面遍历票务系统（包含子菜单）...
================================================================================

✓ 发现 10 个一级菜单


================================================================================
[1/10] 一级菜单: Home
================================================================================
      调试: 找到 175 个子菜单链接
  → 发现 22 个子菜单

  [1.1] 子菜单: Menu:TicketCheckOut
      调试: 找到 175 个子菜单链接
  [0003] ✓ Home - Menu:TicketCheckOut
    → 探索页面功能...
      发现重要按钮: 0 个

  [1.2] 子菜单: Menu:CheckOutTicket
      调试: 找到 175 个子菜单链接
  [0004] ✓ Home - Menu:CheckOutTicket
    → 探索页面功能...
      发现重要按钮: 0 个

  [1.3] 子菜单: Menu:CheckOutRfid
      调试: 找到 175 个子菜单链接
  [0005] ✓ Home - Menu:CheckOutRfid
    → 探索页面功能...
      发现重要按钮: 0 个

  [1.4] 子菜单: Menu:CheckOutRFIDReturn
      调试: 找到 175 个子菜单链接
  [0006] ✓ Home - Menu:CheckOutRFIDReturn
    → 探索页面功能...
      发现重要按钮: 0 个

  [1.5] 子菜单: Menu:Orders
      调试: 找到 175 个子菜单链接
  [0007] ✓ Home - Menu:Orders
    → 探索页面功能...
      发现重要按钮: 0 个

  [1.6] 子菜单: Menu:OrderTickets
      调试: 找到 175 个子菜单链接
  [0008] ✓ Home - Menu:OrderTickets
    → 探索页面功能...
      发现重要按钮: 1 个
        [1] 点击: 导出Excel

  [1.7] 子菜单: E Tickets
      调试: 找到 175 个子菜单链接
    → 探索页面功能...
      发现重要按钮: 0 个

  [1.8] 子菜单: Menu:ETicketList
      调试: 找到 175 个子菜单链接
  [0009] ✓ Home - Menu:ETicketList
    → 探索页面功能...
      发现重要按钮: 0 个

  [1.9] 子菜单: Menu:ETicketsInit
      调试: 找到 175 个子菜单链接
  [0010] ✓ Home - Menu:ETicketsInit
    → 探索页面功能...
      发现重要按钮: 1 个
        [1] 点击: New E Ticket
  [0011] ✓ Home - Menu:ETicketsInit - New E Ticket

  [1.10] 子菜单: E Ticket Templates
      调试: 找到 175 个子菜单链接
  [0012] ✓ Home - E Ticket Templates
    → 探索页面功能...
      发现重要按钮: 1 个
        [1] 点击: New E Ticket Template
  [0013] ✓ Home - E Ticket Templates - New E Ticket Template

  [1.11] 子菜单: Gates
      调试: 找到 175 个子菜单链接
  [0014] ✓ Home - Gates
    → 探索页面功能...
      发现重要按钮: 0 个

  [1.12] 子菜单: Menu:FaceImages
      调试: 找到 175 个子菜单链接
  [0015] ✓ Home - Menu:FaceImages
    → 探索页面功能...
      发现重要按钮: 0 个

  [1.13] 子菜单: Gates
      调试: 找到 175 个子菜单链接
    → 探索页面功能...
      发现重要按钮: 0 个

  [1.14] 子菜单: Gate Versions
      调试: 找到 175 个子菜单链接
  [0016] ✓ Home - Gate Versions
    → 探索页面功能...
      发现重要按钮: 1 个
        [1] 点击: New Gate Version
  [0017] ✓ Home - Gate Versions - New Gate Version

  [1.15] 子菜单: Gate Cards
      调试: 找到 175 个子菜单链接
  [0018] ✓ Home - Gate Cards
    → 探索页面功能...
      发现重要按钮: 2 个
        [1] 点击: New Gate Card
  [0019] ✓ Home - Gate Cards - New Gate Card
        [2] 点击: Export to Excel

  [1.16] 子菜单: Gate Logs
      调试: 找到 175 个子菜单链接
  [0020] ✓ Home - Gate Logs
    → 探索页面功能...
      发现重要按钮: 0 个

  [1.17] 子菜单: Gate Limits
      调试: 找到 175 个子菜单链接
  [0021] ✓ Home - Gate Limits
    → 探索页面功能...
      发现重要按钮: 0 个

  [1.18] 子菜单: Products
      调试: 找到 175 个子菜单链接
  [0022] ✓ Home - Products
    → 探索页面功能...
      发现重要按钮: 0 个

  [1.19] 子菜单: Products
      调试: 找到 175 个子菜单链接
    → 探索页面功能...
      发现重要按钮: 0 个

  [1.20] 子菜单: Categories
      调试: 找到 175 个子菜单链接
  [0023] ✓ Home - Categories
    → 探索页面功能...
      发现重要按钮: 1 个
        [1] 点击: 新增
  [0024] ✓ Home - Categories - 新增

  [1.21] 子菜单: Menu:Work
      调试: 找到 175 个子菜单链接
  [0025] ✓ Home - Menu:Work
    → 探索页面功能...
      发现重要按钮: 0 个

  [1.22] 子菜单: Menu:BatchCoach
      调试: 找到 175 个子菜单链接
  [0026] ✓ Home - Menu:BatchCoach
    → 探索页面功能...
      发现重要按钮: 0 个


================================================================================
[2/10] 一级菜单: Menu:Ticket
================================================================================
      调试: 找到 175 个子菜单链接
  → 发现 22 个子菜单

  [2.1] 子菜单: Menu:TicketCheckOut
      调试: 找到 175 个子菜单链接
    → 探索页面功能...
      发现重要按钮: 0 个

  [2.2] 子菜单: Menu:CheckOutTicket
      调试: 找到 175 个子菜单链接
    → 探索页面功能...
      发现重要按钮: 0 个

  [2.3] 子菜单: Menu:CheckOutRfid
      调试: 找到 175 个子菜单链接
    → 探索页面功能...
      发现重要按钮: 0 个

  [2.4] 子菜单: Menu:CheckOutRFIDReturn
      调试: 找到 175 个子菜单链接
    → 探索页面功能...
      发现重要按钮: 0 个

  [2.5] 子菜单: Menu:Orders
      调试: 找到 175 个子菜单链接
    → 探索页面功能...
      发现重要按钮: 0 个

  [2.6] 子菜单: Menu:OrderTickets
      调试: 找到 175 个子菜单链接
    → 探索页面功能...
      发现重要按钮: 1 个
        [1] 点击: 导出Excel

  [2.7] 子菜单: E Tickets
      调试: 找到 175 个子菜单链接
    → 探索页面功能...
      发现重要按钮: 0 个

  [2.8] 子菜单: Menu:ETicketList
      调试: 找到 175 个子菜单链接
    → 探索页面功能...
      发现重要按钮: 0 个

  [2.9] 子菜单: Menu:ETicketsInit
      调试: 找到 175 个子菜单链接
    → 探索页面功能...
      发现重要按钮: 1 个
        [1] 点击: New E Ticket

  [2.10] 子菜单: E Ticket Templates
      调试: 找到 175 个子菜单链接
    → 探索页面功能...
      发现重要按钮: 1 个
        [1] 点击: New E Ticket Template

  [2.11] 子菜单: Gates
      调试: 找到 175 个子菜单链接
    → 探索页面功能...
      发现重要按钮: 0 个

  [2.12] 子菜单: Menu:FaceImages
      调试: 找到 175 个子菜单链接
    → 探索页面功能...
      发现重要按钮: 0 个

  [2.13] 子菜单: Gates
      调试: 找到 175 个子菜单链接
    → 探索页面功能...
      发现重要按钮: 0 个

  [2.14] 子菜单: Gate Versions
      调试: 找到 175 个子菜单链接
    → 探索页面功能...
      发现重要按钮: 1 个
        [1] 点击: New Gate Version

  [2.15] 子菜单: Gate Cards
      调试: 找到 175 个子菜单链接
    → 探索页面功能...
      发现重要按钮: 2 个
        [1] 点击: New Gate Card
        [2] 点击: Export to Excel

  [2.16] 子菜单: Gate Logs
      调试: 找到 175 个子菜单链接
    → 探索页面功能...
      发现重要按钮: 0 个

  [2.17] 子菜单: Gate Limits
      调试: 找到 175 个子菜单链接
    → 探索页面功能...
      发现重要按钮: 0 个

  [2.18] 子菜单: Products
      调试: 找到 175 个子菜单链接
    → 探索页面功能...
      发现重要按钮: 0 个

  [2.19] 子菜单: Products
